// Jest Snapshot v1, https://goo.gl/fbAQLP

exports[`works 1`] = `
"
const regularVariable = 'test';

const testStyles = cssup\`
.test {
  color: 'blue';
}\`;

const skipTemplateString = trick\`don't interact\`;"
`;
